// Vitest Snapshot v1, https://vitest.dev/guide/snapshot.html

exports[`@goobits/security public API > pins every public entrypoint to an intentional export surface 1`] = `
{
  ".": [
    "BodyTooLargeError",
    "CSRF_COOKIE_NAME",
    "CSRF_HEADER_NAME",
    "CSRF_TOKEN_EXPIRY_MS",
    "D1RateLimitStore",
    "DEFAULT_REDACT_KEYS",
    "MemoryCsrfStore",
    "MemoryRateLimitStore",
    "PostgresRateLimitStore",
    "REDACTED_VALUE",
    "RequestValidationError",
    "attachSecurityProof",
    "base64ToBytes",
    "base64UrlToBytes",
    "buildCsp",
    "buildCspHeader",
    "buildDidWba",
    "bytesToBase64",
    "bytesToBase64Url",
    "bytesToHex",
    "bytesToText",
    "canonicalizeJson",
    "constantTimeEqual",
    "createAdminAuth",
    "createAesGcmKeyring",
    "createAesGcmKeyringFromJson",
    "createApiKey",
    "createAuditLogger",
    "createBasicAuthResponse",
    "createConsoleLogger",
    "createCspDirectives",
    "createCspNonce",
    "createCsrf",
    "createD1AuditSink",
    "createHmacRateLimitStore",
    "createLoggerSink",
    "createPrincipalAuth",
    "createRateLimiter",
    "createRedisCsrfStore",
    "createResilientRateLimitStore",
    "createSecurityAlerter",
    "createSecurityProof",
    "createThresholdAlertObserver",
    "createWebhookChannel",
    "didWbaDomain",
    "didWbaSignatureMessage",
    "didWbaToUrl",
    "generateAdminApiKey",
    "getClientIP",
    "hasAesGcmKey",
    "hashApiKey",
    "hexToBytes",
    "isProductionRuntime",
    "isSensitiveKey",
    "noopLogger",
    "omitSensitive",
    "openAesGcm",
    "openAesGcmWithKeyring",
    "openJson",
    "parseAesGcmKeyringSeal",
    "parseAesGcmSeal",
    "parseApiKeyHeader",
    "parseBasicAuthHeader",
    "parseBearerToken",
    "parseDidWbaAuthorizationHeader",
    "parseHttpSignatureHeader",
    "postgresRateLimitSchemaSql",
    "principalFromDid",
    "principalFromHttpSignature",
    "randomBytes",
    "randomHex",
    "readAsyncIterableBytes",
    "readJsonBody",
    "readRequestBodyBytes",
    "readRuntimeEnv",
    "redactSecretText",
    "redactSensitive",
    "safeErrorContext",
    "sealAesGcm",
    "sealAesGcmWithKeyring",
    "sealJson",
    "sha256Bytes",
    "sha256Hex",
    "signHmac",
    "signJwt",
    "textToBytes",
    "validateArray",
    "validateBoolean",
    "validateNumber",
    "validateObject",
    "validateRequestBody",
    "validateString",
    "verifyApiKey",
    "verifyAttachedSecurityProof",
    "verifyBasicAuthHeader",
    "verifyDidWbaIdentity",
    "verifyHmac",
    "verifyHttpSignatureIdentity",
    "verifyJwt",
    "verifyRecaptcha",
    "verifyRequestOrigin",
    "verifySecurityProof",
  ],
  "admin-auth": [
    "createAdminAuth",
    "generateAdminApiKey",
  ],
  "alerting": [
    "createSecurityAlerter",
    "createThresholdAlertObserver",
    "createWebhookChannel",
  ],
  "audit": [
    "createAuditLogger",
    "createLoggerSink",
  ],
  "audit/d1": [
    "createD1AuditSink",
  ],
  "audit/sveltekit": [
    "withAudit",
  ],
  "crypto": [
    "attachSecurityProof",
    "base64ToBytes",
    "base64UrlToBytes",
    "bytesToBase64",
    "bytesToBase64Url",
    "bytesToHex",
    "bytesToText",
    "canonicalizeJson",
    "constantTimeEqual",
    "createAesGcmKeyring",
    "createAesGcmKeyringFromJson",
    "createIncrementalHasher",
    "createSecurityProof",
    "hasAesGcmKey",
    "hexToBytes",
    "openAesGcm",
    "openAesGcmWithKeyring",
    "openJson",
    "parseAesGcmKeyringSeal",
    "parseAesGcmSeal",
    "randomBytes",
    "randomHex",
    "sealAesGcm",
    "sealAesGcmWithKeyring",
    "sealJson",
    "sha256Bytes",
    "sha256Hex",
    "signHmac",
    "textToBytes",
    "verifyAttachedSecurityProof",
    "verifyHmac",
    "verifySecurityProof",
  ],
  "crypto/aead": [
    "createAesGcmKeyring",
    "createAesGcmKeyringFromJson",
    "hasAesGcmKey",
    "openAesGcm",
    "openAesGcmWithKeyring",
    "openJson",
    "parseAesGcmKeyringSeal",
    "parseAesGcmSeal",
    "sealAesGcm",
    "sealAesGcmWithKeyring",
    "sealJson",
  ],
  "crypto/encoding": [
    "base64ToBytes",
    "base64UrlToBytes",
    "bytesToBase64",
    "bytesToBase64Url",
    "bytesToHex",
    "bytesToText",
    "constantTimeEqual",
    "createIncrementalHasher",
    "hexToBytes",
    "randomBytes",
    "randomHex",
    "sha256Bytes",
    "sha256Hex",
    "textToBytes",
  ],
  "crypto/proof": [
    "attachSecurityProof",
    "canonicalizeJson",
    "createSecurityProof",
    "verifyAttachedSecurityProof",
    "verifySecurityProof",
  ],
  "crypto/signatures": [
    "signHmac",
    "verifyHmac",
  ],
  "csp": [
    "buildCsp",
    "buildCspHeader",
    "createCspDirectives",
    "createCspNonce",
  ],
  "csrf": [
    "CSRF_COOKIE_NAME",
    "CSRF_HEADER_NAME",
    "CSRF_TOKEN_EXPIRY_MS",
    "MemoryCsrfStore",
    "createCsrf",
  ],
  "csrf-client": [
    "createCsrfFetch",
    "csrfFetch",
    "isSameOriginRequest",
    "readBrowserCookie",
  ],
  "csrf-redis": [
    "createRedisCsrfStore",
  ],
  "csrf/sveltekit": [
    "createSvelteKitCsrf",
  ],
  "http-credentials": [
    "createApiKey",
    "createBasicAuthResponse",
    "hashApiKey",
    "parseApiKeyHeader",
    "parseBasicAuthHeader",
    "parseBearerToken",
    "verifyApiKey",
    "verifyBasicAuthHeader",
  ],
  "identity": [
    "buildDidWba",
    "didWbaDomain",
    "didWbaSignatureMessage",
    "didWbaToUrl",
    "parseDidWbaAuthorizationHeader",
    "parseHttpSignatureHeader",
    "principalFromDid",
    "principalFromHttpSignature",
    "verifyDidWbaIdentity",
    "verifyHttpSignatureIdentity",
  ],
  "identity/did-wba": [
    "buildDidWba",
    "didWbaDomain",
    "didWbaSignatureMessage",
    "didWbaToUrl",
    "parseDidWbaAuthorizationHeader",
    "verifyDidWbaIdentity",
  ],
  "identity/http-signature": [
    "parseHttpSignatureHeader",
    "verifyHttpSignatureIdentity",
  ],
  "identity/principal": [
    "principalFromDid",
    "principalFromHttpSignature",
  ],
  "jwt": [
    "signJwt",
    "verifyJwt",
  ],
  "logger": [
    "createConsoleLogger",
    "noopLogger",
    "safeErrorContext",
  ],
  "principal-auth": [
    "createPrincipalAuth",
  ],
  "rate-limit": [
    "D1RateLimitStore",
    "MemoryRateLimitStore",
    "PostgresRateLimitStore",
    "createHmacRateLimitStore",
    "createRateLimiter",
    "createResilientRateLimitStore",
    "getClientIP",
    "postgresRateLimitSchemaSql",
  ],
  "rate-limit/sveltekit": [
    "createRateLimitHandle",
  ],
  "recaptcha": [
    "verifyRecaptcha",
  ],
  "redaction": [
    "DEFAULT_REDACT_KEYS",
    "REDACTED_VALUE",
    "isSensitiveKey",
    "omitSensitive",
    "redactSecretText",
    "redactSensitive",
  ],
  "request-body": [
    "BodyTooLargeError",
    "readAsyncIterableBytes",
    "readJsonBody",
    "readRequestBodyBytes",
  ],
  "request-origin": [
    "verifyRequestOrigin",
  ],
  "runtime": [
    "isProductionRuntime",
    "readRuntimeEnv",
  ],
  "turnstile": [
    "verifyTurnstile",
  ],
  "validation": [
    "getInputValidator",
  ],
  "validation/simple": [
    "RequestValidationError",
    "validateArray",
    "validateBoolean",
    "validateNumber",
    "validateObject",
    "validateRequestBody",
    "validateString",
  ],
  "validation/sveltekit": [
    "BodyTooLargeError",
    "readJsonBody",
    "readRequestBodyBytes",
    "withValidation",
  ],
}
`;
